PREHOOK: query: -- EXCLUDE_OS_WINDOWS
-- Global Limit optimization does not work with ACID table. Make sure to skip it for ACID table.
CREATE TABLE acidtest1(c1 INT, c2 STRING)
CLUSTERED BY (c1) INTO 3 BUCKETS
STORED AS ORC
TBLPROPERTIES ("transactional"="true")
PREHOOK: type: CREATETABLE
PREHOOK: Output: database:default
PREHOOK: Output: default@acidtest1
POSTHOOK: query: -- EXCLUDE_OS_WINDOWS
-- Global Limit optimization does not work with ACID table. Make sure to skip it for ACID table.
CREATE TABLE acidtest1(c1 INT, c2 STRING)
CLUSTERED BY (c1) INTO 3 BUCKETS
STORED AS ORC
TBLPROPERTIES ("transactional"="true")
POSTHOOK: type: CREATETABLE
POSTHOOK: Output: database:default
POSTHOOK: Output: default@acidtest1
PREHOOK: query: insert into table acidtest1 select cint, cstring1 from alltypesorc where cint is not null order by cint
PREHOOK: type: QUERY
PREHOOK: Input: default@alltypesorc
PREHOOK: Output: default@acidtest1
POSTHOOK: query: insert into table acidtest1 select cint, cstring1 from alltypesorc where cint is not null order by cint
POSTHOOK: type: QUERY
POSTHOOK: Input: default@alltypesorc
POSTHOOK: Output: default@acidtest1
POSTHOOK: Lineage: acidtest1.c1 SIMPLE [(alltypesorc)alltypesorc.FieldSchema(name:cint, type:int, comment:null), ]
POSTHOOK: Lineage: acidtest1.c2 SIMPLE [(alltypesorc)alltypesorc.FieldSchema(name:cstring1, type:string, comment:null), ]
PREHOOK: query: select cast (c1 as string) from acidtest1 limit 10
PREHOOK: type: QUERY
PREHOOK: Input: default@acidtest1
#### A masked pattern was here ####
POSTHOOK: query: select cast (c1 as string) from acidtest1 limit 10
POSTHOOK: type: QUERY
POSTHOOK: Input: default@acidtest1
#### A masked pattern was here ####
-1073279343
-1073051226
-1072910839
-1072081801
-1072076362
-1071480828
-1071363017
-1070883071
-1070551679
-1069736047
PREHOOK: query: drop table acidtest1
PREHOOK: type: DROPTABLE
PREHOOK: Input: default@acidtest1
PREHOOK: Output: default@acidtest1
POSTHOOK: query: drop table acidtest1
POSTHOOK: type: DROPTABLE
POSTHOOK: Input: default@acidtest1
POSTHOOK: Output: default@acidtest1
